02:44:43.399 [main] INFO  org.testng.internal.Utils - [Utils] MethodGroupsHelper.sortMethods() took 0 ms.
02:44:43.408 [main] INFO  org.testng.internal.Utils - [Utils] MethodGroupsHelper.collectMethodsByGroup() took 0 ms.
02:44:43.408 [main] INFO  org.testng.internal.Utils - [Utils] MethodGroupsHelper.sortMethods() took 0 ms.
02:44:43.417 [main] INFO  org.testng.internal.Utils - [Utils] MethodGroupsHelper.collectMethodsByGroup() took 5 ms.
02:44:43.436 [main] INFO  org.testng.internal.Utils - [Utils] MethodGroupsHelper.sortMethods() took 18 ms.
02:44:43.438 [main] INFO  org.testng.internal.Utils - [Utils] MethodGroupsHelper.collectMethodsByGroup() took 0 ms.
02:44:43.439 [main] INFO  org.testng.internal.Utils - [Utils] MethodGroupsHelper.sortMethods() took 1 ms.
02:44:43.440 [main] INFO  org.testng.internal.Utils - [Utils] MethodGroupsHelper.collectMethodsByGroup() took 0 ms.
02:44:43.440 [main] INFO  org.testng.internal.Utils - [Utils] MethodGroupsHelper.sortMethods() took 0 ms.
02:44:43.442 [main] INFO  org.testng.internal.Utils - [Utils] MethodGroupsHelper.collectMethodsByGroup() took 0 ms.
02:44:43.442 [main] INFO  org.testng.internal.Utils - [Utils] MethodGroupsHelper.sortMethods() took 0 ms.
02:44:43.445 [main] INFO  org.testng.internal.Utils - [Utils] MethodGroupsHelper.collectMethodsByGroup() took 0 ms.
02:44:43.445 [main] INFO  org.testng.internal.Utils - [Utils] MethodGroupsHelper.sortMethods() took 0 ms.
02:44:43.445 [main] INFO  org.testng.internal.Utils - [Utils] MethodGroupsHelper.collectMethodsByGroup() took 0 ms.
02:44:43.445 [main] INFO  org.testng.internal.Utils - [Utils] MethodGroupsHelper.sortMethods() took 0 ms.
02:44:43.448 [main] INFO  org.testng.internal.Utils - [Utils] MethodGroupsHelper.collectMethodsByGroup() took 0 ms.
02:44:43.448 [main] INFO  org.testng.internal.Utils - [Utils] MethodGroupsHelper.sortMethods() took 0 ms.
02:44:43.448 [main] INFO  org.testng.internal.Utils - [Utils] MethodGroupsHelper.collectMethodsByGroup() took 0 ms.
02:44:43.449 [main] INFO  org.testng.internal.Utils - [Utils] MethodGroupsHelper.sortMethods() took 1 ms.
02:44:43.450 [main] INFO  org.testng.internal.Utils - [Utils] MethodGroupsHelper.collectMethodsByGroup() took 0 ms.
02:44:43.450 [main] INFO  org.testng.internal.Utils - [Utils] MethodGroupsHelper.sortMethods() took 0 ms.
02:44:43.453 [main] INFO  org.testng.internal.Utils - [Utils] MethodGroupsHelper.collectMethodsByGroup() took 0 ms.
02:44:43.453 [main] INFO  org.testng.internal.Utils - [Utils] MethodGroupsHelper.sortMethods() took 0 ms.
02:44:43.453 [main] INFO  org.testng.internal.Utils - [Utils] MethodGroupsHelper.collectMethodsByGroup() took 0 ms.
02:44:43.453 [main] INFO  org.testng.internal.Utils - [Utils] MethodGroupsHelper.sortMethods() took 0 ms.
02:44:43.477 [main] INFO  org.testng.internal.Utils - [TestNG] Running:
  C:\Users\dell\AppData\Local\Temp\testng-eclipse-377194101\testng-customsuite.xml

02:44:43.500 [main] INFO  org.testng.internal.Utils - [Utils] DynamicGraphHelper.createDynamicGraph() took 4 ms.
02:44:47.480 [main] INFO  testCases.TC001_AccountregistrationTest - ****Starting TC001_AccountregistrationTest *****
02:44:47.855 [main] INFO  testCases.TC001_AccountregistrationTest - Clicked on MyAccout Link
02:44:48.393 [main] INFO  testCases.TC001_AccountregistrationTest - Clicked on Registration Link
02:44:48.394 [main] INFO  testCases.TC001_AccountregistrationTest - Providing cutomer details...
02:44:49.382 [main] INFO  testCases.TC001_AccountregistrationTest - ****Finished TC001_AccountregistrationTest *****
02:44:50.204 [main] INFO  org.testng.internal.Utils - [TestNG] Time taken by org.testng.reporters.jq.Main@1ab6718: 219 ms
02:44:50.205 [main] INFO  org.testng.internal.Utils - [TestNG] Time taken by org.testng.reporters.FailedReporter@3910fe11: 1 ms
02:44:50.224 [main] INFO  org.testng.internal.Utils - [TestNG] Time taken by org.testng.reporters.XMLReporter@252f626c: 19 ms
02:44:50.236 [main] INFO  org.testng.internal.Utils - [TestNG] Time taken by org.testng.reporters.EmailableReporter2@23811a09: 11 ms
02:44:50.243 [main] INFO  org.testng.internal.Utils - [TestNG] Time taken by org.testng.reporters.JUnitReportReporter@7a7d1b47: 7 ms
02:44:50.243 [main] INFO  org.testng.internal.Utils - [TestNG] Time taken by org.testng.internal.ExitCodeListener@6eb82908: 0 ms
02:52:07.534 [main] DEBUG org.testng.TestNG - suiteXmlPath: "C:\Users\dell\AppData\Local\Temp\testng-eclipse-1983625034\testng-customsuite.xml"
02:52:08.611 [main] INFO  org.testng.internal.Utils - [Utils] MethodGroupsHelper.collectMethodsByGroup() took 1 ms.
02:52:08.614 [main] INFO  org.testng.internal.Utils - [Utils] MethodGroupsHelper.sortMethods() took 0 ms.
02:52:08.615 [main] INFO  org.testng.internal.Utils - [Utils] MethodGroupsHelper.collectMethodsByGroup() took 0 ms.
02:52:08.615 [main] INFO  org.testng.internal.Utils - [Utils] MethodGroupsHelper.sortMethods() took 0 ms.
02:52:08.616 [main] INFO  org.testng.internal.Utils - [Utils] MethodGroupsHelper.collectMethodsByGroup() took 0 ms.
02:52:08.616 [main] INFO  org.testng.internal.Utils - [Utils] MethodGroupsHelper.sortMethods() took 0 ms.
02:52:08.617 [main] INFO  org.testng.internal.Utils - [Utils] MethodGroupsHelper.collectMethodsByGroup() took 0 ms.
02:52:08.617 [main] INFO  org.testng.internal.Utils - [Utils] MethodGroupsHelper.sortMethods() took 0 ms.
02:52:08.625 [main] INFO  org.testng.internal.Utils - [Utils] MethodGroupsHelper.collectMethodsByGroup() took 4 ms.
02:52:08.645 [main] INFO  org.testng.internal.Utils - [Utils] MethodGroupsHelper.sortMethods() took 18 ms.
02:52:08.648 [main] INFO  org.testng.internal.Utils - [Utils] MethodGroupsHelper.collectMethodsByGroup() took 0 ms.
02:52:08.649 [main] INFO  org.testng.internal.Utils - [Utils] MethodGroupsHelper.sortMethods() took 0 ms.
02:52:08.650 [main] INFO  org.testng.internal.Utils - [Utils] MethodGroupsHelper.collectMethodsByGroup() took 0 ms.
02:52:08.650 [main] INFO  org.testng.internal.Utils - [Utils] MethodGroupsHelper.sortMethods() took 0 ms.
02:52:08.651 [main] INFO  org.testng.internal.Utils - [Utils] MethodGroupsHelper.collectMethodsByGroup() took 0 ms.
02:52:08.651 [main] INFO  org.testng.internal.Utils - [Utils] MethodGroupsHelper.sortMethods() took 0 ms.
02:52:08.653 [main] INFO  org.testng.internal.Utils - [Utils] MethodGroupsHelper.collectMethodsByGroup() took 0 ms.
02:52:08.653 [main] INFO  org.testng.internal.Utils - [Utils] MethodGroupsHelper.sortMethods() took 0 ms.
02:52:08.653 [main] INFO  org.testng.internal.Utils - [Utils] MethodGroupsHelper.collectMethodsByGroup() took 0 ms.
02:52:08.653 [main] INFO  org.testng.internal.Utils - [Utils] MethodGroupsHelper.sortMethods() took 0 ms.
02:52:08.656 [main] INFO  org.testng.internal.Utils - [Utils] MethodGroupsHelper.collectMethodsByGroup() took 0 ms.
02:52:08.656 [main] INFO  org.testng.internal.Utils - [Utils] MethodGroupsHelper.sortMethods() took 0 ms.
02:52:08.656 [main] INFO  org.testng.internal.Utils - [Utils] MethodGroupsHelper.collectMethodsByGroup() took 0 ms.
02:52:08.656 [main] INFO  org.testng.internal.Utils - [Utils] MethodGroupsHelper.sortMethods() took 0 ms.
02:52:08.659 [main] INFO  org.testng.internal.Utils - [Utils] MethodGroupsHelper.collectMethodsByGroup() took 2 ms.
02:52:08.660 [main] INFO  org.testng.internal.Utils - [Utils] MethodGroupsHelper.sortMethods() took 0 ms.
02:52:08.662 [main] INFO  org.testng.internal.Utils - [Utils] MethodGroupsHelper.collectMethodsByGroup() took 0 ms.
02:52:08.662 [main] INFO  org.testng.internal.Utils - [Utils] MethodGroupsHelper.sortMethods() took 0 ms.
02:52:08.662 [main] INFO  org.testng.internal.Utils - [Utils] MethodGroupsHelper.collectMethodsByGroup() took 0 ms.
02:52:08.662 [main] INFO  org.testng.internal.Utils - [Utils] MethodGroupsHelper.sortMethods() took 0 ms.
02:52:08.688 [main] INFO  org.testng.internal.Utils - [TestNG] Running:
  C:\Users\dell\AppData\Local\Temp\testng-eclipse-1983625034\testng-customsuite.xml

02:52:08.709 [main] INFO  org.testng.internal.Utils - [Utils] DynamicGraphHelper.createDynamicGraph() took 6 ms.
02:52:12.665 [main] INFO  testCases.TC001_AccountregistrationTest - ****Starting TC001_AccountregistrationTest *****
02:52:12.973 [main] INFO  testCases.TC001_AccountregistrationTest - Clicked on MyAccout Link
02:52:13.511 [main] INFO  testCases.TC001_AccountregistrationTest - Clicked on Registration Link
02:52:13.513 [main] INFO  testCases.TC001_AccountregistrationTest - Providing cutomer details...
02:52:14.497 [main] INFO  testCases.TC001_AccountregistrationTest - ****Finished TC001_AccountregistrationTest *****
02:52:17.028 [main] INFO  org.testng.internal.Utils - [TestNG] Time taken by org.testng.reporters.jq.Main@33f98231: 160 ms
02:52:17.030 [main] INFO  org.testng.internal.Utils - [TestNG] Time taken by org.testng.reporters.FailedReporter@48284d0e: 0 ms
02:52:17.053 [main] INFO  org.testng.internal.Utils - [TestNG] Time taken by org.testng.reporters.XMLReporter@151db587: 23 ms
02:52:17.064 [main] INFO  org.testng.internal.Utils - [TestNG] Time taken by org.testng.reporters.EmailableReporter2@26a2f7f9: 10 ms
02:52:17.077 [main] INFO  org.testng.internal.Utils - [TestNG] Time taken by org.testng.reporters.JUnitReportReporter@36f1046f: 13 ms
02:52:17.078 [main] INFO  org.testng.internal.Utils - [TestNG] Time taken by org.testng.internal.ExitCodeListener@56d93692: 0 ms
03:05:34.923 [main] DEBUG org.testng.TestNG - suiteXmlPath: "C:\Users\dell\AppData\Local\Temp\testng-eclipse-613699477\testng-customsuite.xml"
03:05:35.904 [main] INFO  org.testng.internal.Utils - [Utils] MethodGroupsHelper.collectMethodsByGroup() took 1 ms.
03:05:35.906 [main] INFO  org.testng.internal.Utils - [Utils] MethodGroupsHelper.sortMethods() took 0 ms.
03:05:35.908 [main] INFO  org.testng.internal.Utils - [Utils] MethodGroupsHelper.collectMethodsByGroup() took 0 ms.
03:05:35.908 [main] INFO  org.testng.internal.Utils - [Utils] MethodGroupsHelper.sortMethods() took 0 ms.
03:05:35.910 [main] INFO  org.testng.internal.Utils - [Utils] MethodGroupsHelper.collectMethodsByGroup() took 0 ms.
03:05:35.910 [main] INFO  org.testng.internal.Utils - [Utils] MethodGroupsHelper.sortMethods() took 0 ms.
03:05:35.910 [main] INFO  org.testng.internal.Utils - [Utils] MethodGroupsHelper.collectMethodsByGroup() took 0 ms.
03:05:35.910 [main] INFO  org.testng.internal.Utils - [Utils] MethodGroupsHelper.sortMethods() took 0 ms.
03:05:35.916 [main] INFO  org.testng.internal.Utils - [Utils] MethodGroupsHelper.collectMethodsByGroup() took 2 ms.
03:05:35.930 [main] INFO  org.testng.internal.Utils - [Utils] MethodGroupsHelper.sortMethods() took 14 ms.
03:05:35.932 [main] INFO  org.testng.internal.Utils - [Utils] MethodGroupsHelper.collectMethodsByGroup() took 0 ms.
03:05:35.933 [main] INFO  org.testng.internal.Utils - [Utils] MethodGroupsHelper.sortMethods() took 0 ms.
03:05:35.936 [main] INFO  org.testng.internal.Utils - [Utils] MethodGroupsHelper.collectMethodsByGroup() took 0 ms.
03:05:35.936 [main] INFO  org.testng.internal.Utils - [Utils] MethodGroupsHelper.sortMethods() took 0 ms.
03:05:35.937 [main] INFO  org.testng.internal.Utils - [Utils] MethodGroupsHelper.collectMethodsByGroup() took 0 ms.
03:05:35.938 [main] INFO  org.testng.internal.Utils - [Utils] MethodGroupsHelper.sortMethods() took 0 ms.
03:05:35.939 [main] INFO  org.testng.internal.Utils - [Utils] MethodGroupsHelper.collectMethodsByGroup() took 0 ms.
03:05:35.941 [main] INFO  org.testng.internal.Utils - [Utils] MethodGroupsHelper.sortMethods() took 0 ms.
03:05:35.942 [main] INFO  org.testng.internal.Utils - [Utils] MethodGroupsHelper.collectMethodsByGroup() took 0 ms.
03:05:35.942 [main] INFO  org.testng.internal.Utils - [Utils] MethodGroupsHelper.sortMethods() took 0 ms.
03:05:35.946 [main] INFO  org.testng.internal.Utils - [Utils] MethodGroupsHelper.collectMethodsByGroup() took 0 ms.
03:05:35.947 [main] INFO  org.testng.internal.Utils - [Utils] MethodGroupsHelper.sortMethods() took 0 ms.
03:05:35.947 [main] INFO  org.testng.internal.Utils - [Utils] MethodGroupsHelper.collectMethodsByGroup() took 0 ms.
03:05:35.947 [main] INFO  org.testng.internal.Utils - [Utils] MethodGroupsHelper.sortMethods() took 0 ms.
03:05:35.949 [main] INFO  org.testng.internal.Utils - [Utils] MethodGroupsHelper.collectMethodsByGroup() took 0 ms.
03:05:35.950 [main] INFO  org.testng.internal.Utils - [Utils] MethodGroupsHelper.sortMethods() took 0 ms.
03:05:35.954 [main] INFO  org.testng.internal.Utils - [Utils] MethodGroupsHelper.collectMethodsByGroup() took 0 ms.
03:05:35.954 [main] INFO  org.testng.internal.Utils - [Utils] MethodGroupsHelper.sortMethods() took 0 ms.
03:05:35.954 [main] INFO  org.testng.internal.Utils - [Utils] MethodGroupsHelper.collectMethodsByGroup() took 0 ms.
03:05:35.954 [main] INFO  org.testng.internal.Utils - [Utils] MethodGroupsHelper.sortMethods() took 0 ms.
03:05:35.979 [main] INFO  org.testng.internal.Utils - [TestNG] Running:
  C:\Users\dell\AppData\Local\Temp\testng-eclipse-613699477\testng-customsuite.xml

03:05:36.004 [main] INFO  org.testng.internal.Utils - [Utils] DynamicGraphHelper.createDynamicGraph() took 6 ms.
03:05:40.084 [main] INFO  testCases.TC001_AccountregistrationTest - ****Starting TC001_AccountregistrationTest *****
03:05:40.256 [main] INFO  testCases.TC001_AccountregistrationTest - Clicked on MyAccout Link
03:05:40.958 [main] INFO  testCases.TC001_AccountregistrationTest - Clicked on Registration Link
03:05:40.959 [main] INFO  testCases.TC001_AccountregistrationTest - Providing cutomer details...
03:05:42.912 [main] ERROR testCases.TC001_AccountregistrationTest - Test Failed..
03:05:42.912 [main] DEBUG testCases.TC001_AccountregistrationTest - Debug logs...
03:05:43.815 [main] INFO  org.testng.internal.Utils - [TestNG] Time taken by org.testng.reporters.jq.Main@33f98231: 198 ms
03:05:43.838 [main] INFO  org.testng.internal.Utils - [TestNG] Time taken by org.testng.reporters.FailedReporter@2f2d52ef: 23 ms
03:05:43.853 [main] INFO  org.testng.internal.Utils - [TestNG] Time taken by org.testng.reporters.XMLReporter@26722665: 15 ms
03:05:43.864 [main] INFO  org.testng.internal.Utils - [TestNG] Time taken by org.testng.reporters.EmailableReporter2@18eec010: 11 ms
03:05:43.905 [main] INFO  org.testng.internal.Utils - [TestNG] Time taken by org.testng.reporters.JUnitReportReporter@1d61c6dc: 40 ms
03:05:43.905 [main] INFO  org.testng.internal.Utils - [TestNG] Time taken by org.testng.internal.ExitCodeListener@53c68ce: 0 ms
03:35:47.586 [main] DEBUG org.testng.TestNG - suiteXmlPath: "C:\Users\dell\AppData\Local\Temp\testng-eclipse-2003770418\testng-customsuite.xml"
03:35:48.614 [main] INFO  org.testng.internal.Utils - [Utils] MethodGroupsHelper.collectMethodsByGroup() took 1 ms.
03:35:48.617 [main] INFO  org.testng.internal.Utils - [Utils] MethodGroupsHelper.sortMethods() took 1 ms.
03:35:48.619 [main] INFO  org.testng.internal.Utils - [Utils] MethodGroupsHelper.collectMethodsByGroup() took 0 ms.
03:35:48.619 [main] INFO  org.testng.internal.Utils - [Utils] MethodGroupsHelper.sortMethods() took 0 ms.
03:35:48.619 [main] INFO  org.testng.internal.Utils - [Utils] MethodGroupsHelper.collectMethodsByGroup() took 0 ms.
03:35:48.620 [main] INFO  org.testng.internal.Utils - [Utils] MethodGroupsHelper.sortMethods() took 0 ms.
03:35:48.620 [main] INFO  org.testng.internal.Utils - [Utils] MethodGroupsHelper.collectMethodsByGroup() took 0 ms.
03:35:48.620 [main] INFO  org.testng.internal.Utils - [Utils] MethodGroupsHelper.sortMethods() took 0 ms.
03:35:48.625 [main] INFO  org.testng.internal.Utils - [Utils] MethodGroupsHelper.collectMethodsByGroup() took 2 ms.
03:35:48.640 [main] INFO  org.testng.internal.Utils - [Utils] MethodGroupsHelper.sortMethods() took 14 ms.
03:35:48.641 [main] INFO  org.testng.internal.Utils - [Utils] MethodGroupsHelper.collectMethodsByGroup() took 0 ms.
03:35:48.641 [main] INFO  org.testng.internal.Utils - [Utils] MethodGroupsHelper.sortMethods() took 0 ms.
03:35:48.642 [main] INFO  org.testng.internal.Utils - [Utils] MethodGroupsHelper.collectMethodsByGroup() took 0 ms.
03:35:48.642 [main] INFO  org.testng.internal.Utils - [Utils] MethodGroupsHelper.sortMethods() took 0 ms.
03:35:48.645 [main] INFO  org.testng.internal.Utils - [Utils] MethodGroupsHelper.collectMethodsByGroup() took 0 ms.
03:35:48.645 [main] INFO  org.testng.internal.Utils - [Utils] MethodGroupsHelper.sortMethods() took 0 ms.
03:35:48.647 [main] INFO  org.testng.internal.Utils - [Utils] MethodGroupsHelper.collectMethodsByGroup() took 0 ms.
03:35:48.647 [main] INFO  org.testng.internal.Utils - [Utils] MethodGroupsHelper.sortMethods() took 0 ms.
03:35:48.648 [main] INFO  org.testng.internal.Utils - [Utils] MethodGroupsHelper.collectMethodsByGroup() took 0 ms.
03:35:48.649 [main] INFO  org.testng.internal.Utils - [Utils] MethodGroupsHelper.sortMethods() took 0 ms.
03:35:48.651 [main] INFO  org.testng.internal.Utils - [Utils] MethodGroupsHelper.collectMethodsByGroup() took 0 ms.
03:35:48.651 [main] INFO  org.testng.internal.Utils - [Utils] MethodGroupsHelper.sortMethods() took 0 ms.
03:35:48.651 [main] INFO  org.testng.internal.Utils - [Utils] MethodGroupsHelper.collectMethodsByGroup() took 0 ms.
03:35:48.651 [main] INFO  org.testng.internal.Utils - [Utils] MethodGroupsHelper.sortMethods() took 0 ms.
03:35:48.652 [main] INFO  org.testng.internal.Utils - [Utils] MethodGroupsHelper.collectMethodsByGroup() took 0 ms.
03:35:48.652 [main] INFO  org.testng.internal.Utils - [Utils] MethodGroupsHelper.sortMethods() took 0 ms.
03:35:48.654 [main] INFO  org.testng.internal.Utils - [Utils] MethodGroupsHelper.collectMethodsByGroup() took 0 ms.
03:35:48.654 [main] INFO  org.testng.internal.Utils - [Utils] MethodGroupsHelper.sortMethods() took 0 ms.
03:35:48.654 [main] INFO  org.testng.internal.Utils - [Utils] MethodGroupsHelper.collectMethodsByGroup() took 0 ms.
03:35:48.654 [main] INFO  org.testng.internal.Utils - [Utils] MethodGroupsHelper.sortMethods() took 0 ms.
03:35:48.680 [main] INFO  org.testng.internal.Utils - [TestNG] Running:
  C:\Users\dell\AppData\Local\Temp\testng-eclipse-2003770418\testng-customsuite.xml

03:35:48.711 [main] INFO  org.testng.internal.Utils - [Utils] DynamicGraphHelper.createDynamicGraph() took 6 ms.
03:35:54.145 [main] INFO  testCases.TC001_AccountregistrationTest - ****Starting TC001_AccountregistrationTest *****
03:35:54.379 [main] INFO  testCases.TC001_AccountregistrationTest - Clicked on MyAccout Link
03:35:55.097 [main] INFO  testCases.TC001_AccountregistrationTest - Clicked on Registration Link
03:35:55.099 [main] INFO  testCases.TC001_AccountregistrationTest - Providing cutomer details...
03:35:56.183 [main] INFO  testCases.TC001_AccountregistrationTest - ****Finished TC001_AccountregistrationTest *****
03:35:58.692 [main] INFO  org.testng.internal.Utils - [TestNG] Time taken by org.testng.reporters.jq.Main@6972c30a: 125 ms
03:35:58.694 [main] INFO  org.testng.internal.Utils - [TestNG] Time taken by org.testng.reporters.FailedReporter@57a48985: 1 ms
03:35:58.724 [main] INFO  org.testng.internal.Utils - [TestNG] Time taken by org.testng.reporters.XMLReporter@60737b23: 30 ms
03:35:58.736 [main] INFO  org.testng.internal.Utils - [TestNG] Time taken by org.testng.reporters.EmailableReporter2@151db587: 12 ms
03:35:58.743 [main] INFO  org.testng.internal.Utils - [TestNG] Time taken by org.testng.reporters.JUnitReportReporter@34e20e6b: 7 ms
03:35:58.743 [main] INFO  org.testng.internal.Utils - [TestNG] Time taken by org.testng.internal.ExitCodeListener@15ac59c2: 0 ms
03:51:22.600 [main] DEBUG org.testng.TestNG - suiteXmlPath: "D:\eclipse-workspace\OpencartV121\testng.xml"
03:51:22.679 [main] WARN  org.testng.xml.TestNGContentHandler - It is strongly recommended to add "<!DOCTYPE suite SYSTEM "https://testng.org/testng-1.1.dtd" >" at the top of the suite file [D:\eclipse-workspace\OpencartV121\testng.xml] otherwise TestNG may fail or not work as expected.
03:51:23.625 [main] INFO  org.testng.internal.Utils - [TestNG] Running:
  D:\eclipse-workspace\OpencartV121\testng.xml

03:52:12.779 [main] DEBUG org.testng.TestNG - suiteXmlPath: "D:\eclipse-workspace\OpencartV121\testng.xml"
03:52:12.811 [main] WARN  org.testng.xml.TestNGContentHandler - It is strongly recommended to add "<!DOCTYPE suite SYSTEM "https://testng.org/testng-1.1.dtd" >" at the top of the suite file [D:\eclipse-workspace\OpencartV121\testng.xml] otherwise TestNG may fail or not work as expected.
03:52:13.735 [main] INFO  org.testng.internal.Utils - [TestNG] Running:
  D:\eclipse-workspace\OpencartV121\testng.xml

03:52:19.423 [main] INFO  testCases.TC001_AccountregistrationTest - ****Starting TC001_AccountregistrationTest *****
03:52:19.648 [main] INFO  testCases.TC001_AccountregistrationTest - Clicked on MyAccout Link
03:52:20.551 [main] INFO  testCases.TC001_AccountregistrationTest - Clicked on Registration Link
03:52:20.556 [main] INFO  testCases.TC001_AccountregistrationTest - Providing cutomer details...
03:52:22.483 [main] ERROR testCases.TC001_AccountregistrationTest - Test Failed..
03:52:22.484 [main] DEBUG testCases.TC001_AccountregistrationTest - Debug logs...
03:53:07.195 [main] DEBUG org.testng.TestNG - suiteXmlPath: "D:\eclipse-workspace\OpencartV121\testng.xml"
03:53:07.226 [main] WARN  org.testng.xml.TestNGContentHandler - It is strongly recommended to add "<!DOCTYPE suite SYSTEM "https://testng.org/testng-1.1.dtd" >" at the top of the suite file [D:\eclipse-workspace\OpencartV121\testng.xml] otherwise TestNG may fail or not work as expected.
03:53:08.186 [main] INFO  org.testng.internal.Utils - [TestNG] Running:
  D:\eclipse-workspace\OpencartV121\testng.xml

03:54:09.218 [main] DEBUG org.testng.TestNG - suiteXmlPath: "D:\eclipse-workspace\OpencartV121\testng.xml"
03:54:09.249 [main] WARN  org.testng.xml.TestNGContentHandler - It is strongly recommended to add "<!DOCTYPE suite SYSTEM "https://testng.org/testng-1.1.dtd" >" at the top of the suite file [D:\eclipse-workspace\OpencartV121\testng.xml] otherwise TestNG may fail or not work as expected.
03:54:10.326 [main] INFO  org.testng.internal.Utils - [TestNG] Running:
  D:\eclipse-workspace\OpencartV121\testng.xml

03:54:30.663 [main] INFO  testCases.TC001_AccountregistrationTest - ****Starting TC001_AccountregistrationTest *****
03:54:30.898 [main] INFO  testCases.TC001_AccountregistrationTest - Clicked on MyAccout Link
03:54:31.463 [main] INFO  testCases.TC001_AccountregistrationTest - Clicked on Registration Link
03:54:31.466 [main] INFO  testCases.TC001_AccountregistrationTest - Providing cutomer details...
03:54:33.227 [main] ERROR testCases.TC001_AccountregistrationTest - Test Failed..
03:54:33.227 [main] DEBUG testCases.TC001_AccountregistrationTest - Debug logs...
03:54:34.058 [main] INFO  testCases.TC001_AccountregistrationTest - ****Starting TC001_AccountregistrationTest *****
03:54:34.484 [main] INFO  testCases.TC001_AccountregistrationTest - Clicked on MyAccout Link
03:54:36.816 [main] INFO  testCases.TC001_AccountregistrationTest - Clicked on Registration Link
03:54:36.823 [main] INFO  testCases.TC001_AccountregistrationTest - Providing cutomer details...
03:54:37.557 [main] INFO  testCases.TC001_AccountregistrationTest - ****Finished TC001_AccountregistrationTest *****
03:54:52.330 [main] DEBUG org.testng.TestNG - suiteXmlPath: "D:\eclipse-workspace\OpencartV121\testng.xml"
03:54:52.364 [main] WARN  org.testng.xml.TestNGContentHandler - It is strongly recommended to add "<!DOCTYPE suite SYSTEM "https://testng.org/testng-1.1.dtd" >" at the top of the suite file [D:\eclipse-workspace\OpencartV121\testng.xml] otherwise TestNG may fail or not work as expected.
03:54:53.330 [main] INFO  org.testng.internal.Utils - [TestNG] Running:
  D:\eclipse-workspace\OpencartV121\testng.xml

03:54:58.383 [main] INFO  testCases.TC001_AccountregistrationTest - ****Starting TC001_AccountregistrationTest *****
03:54:58.591 [main] INFO  testCases.TC001_AccountregistrationTest - Clicked on MyAccout Link
03:54:59.834 [main] INFO  testCases.TC001_AccountregistrationTest - Clicked on Registration Link
03:54:59.836 [main] INFO  testCases.TC001_AccountregistrationTest - Providing cutomer details...
03:55:01.500 [main] ERROR testCases.TC001_AccountregistrationTest - Test Failed..
03:55:01.502 [main] DEBUG testCases.TC001_AccountregistrationTest - Debug logs...
03:56:18.214 [main] DEBUG org.testng.TestNG - suiteXmlPath: "D:\eclipse-workspace\OpencartV121\testng.xml"
03:56:18.275 [main] WARN  org.testng.xml.TestNGContentHandler - It is strongly recommended to add "<!DOCTYPE suite SYSTEM "https://testng.org/testng-1.1.dtd" >" at the top of the suite file [D:\eclipse-workspace\OpencartV121\testng.xml] otherwise TestNG may fail or not work as expected.
03:56:19.215 [main] INFO  org.testng.internal.Utils - [TestNG] Running:
  D:\eclipse-workspace\OpencartV121\testng.xml

03:56:23.526 [main] INFO  testCases.TC001_AccountregistrationTest - ****Starting TC001_AccountregistrationTest *****
03:56:23.756 [main] INFO  testCases.TC001_AccountregistrationTest - Clicked on MyAccout Link
03:56:24.430 [main] INFO  testCases.TC001_AccountregistrationTest - Clicked on Registration Link
03:56:24.438 [main] INFO  testCases.TC001_AccountregistrationTest - Providing cutomer details...
03:56:26.155 [main] ERROR testCases.TC001_AccountregistrationTest - Test Failed..
03:56:26.155 [main] DEBUG testCases.TC001_AccountregistrationTest - Debug logs...
03:57:31.373 [main] DEBUG org.testng.TestNG - suiteXmlPath: "D:\eclipse-workspace\OpencartV121\testng.xml"
03:57:31.411 [main] WARN  org.testng.xml.TestNGContentHandler - It is strongly recommended to add "<!DOCTYPE suite SYSTEM "https://testng.org/testng-1.1.dtd" >" at the top of the suite file [D:\eclipse-workspace\OpencartV121\testng.xml] otherwise TestNG may fail or not work as expected.
03:57:32.416 [main] INFO  org.testng.internal.Utils - [TestNG] Running:
  D:\eclipse-workspace\OpencartV121\testng.xml

03:57:42.029 [main] INFO  testCases.TC001_AccountregistrationTest - ****Starting TC001_AccountregistrationTest *****
03:57:42.402 [main] INFO  testCases.TC001_AccountregistrationTest - Clicked on MyAccout Link
03:57:43.159 [main] INFO  testCases.TC001_AccountregistrationTest - Clicked on Registration Link
03:57:43.164 [main] INFO  testCases.TC001_AccountregistrationTest - Providing cutomer details...
03:57:44.298 [main] INFO  testCases.TC001_AccountregistrationTest - ****Finished TC001_AccountregistrationTest *****
04:12:03.612 [main] DEBUG org.testng.TestNG - suiteXmlPath: "D:\eclipse-workspace\OpencartV121\master.xml"
04:12:03.660 [main] WARN  org.testng.xml.TestNGContentHandler - It is strongly recommended to add "<!DOCTYPE suite SYSTEM "https://testng.org/testng-1.1.dtd" >" at the top of the suite file [D:\eclipse-workspace\OpencartV121\master.xml] otherwise TestNG may fail or not work as expected.
04:12:04.617 [main] INFO  org.testng.internal.Utils - [TestNG] Running:
  D:\eclipse-workspace\OpencartV121\master.xml

04:12:13.951 [TestNG-tests-1] INFO  testCases.TC001_AccountregistrationTest - ****Starting TC001_AccountregistrationTest *****
04:12:15.289 [TestNG-tests-1] INFO  testCases.TC001_AccountregistrationTest - Clicked on MyAccout Link
04:12:15.872 [TestNG-tests-2] INFO  testCases.TC001_AccountregistrationTest - ****Starting TC001_AccountregistrationTest *****
04:12:16.659 [TestNG-tests-2] INFO  testCases.TC001_AccountregistrationTest - Clicked on MyAccout Link
04:12:16.718 [TestNG-tests-1] INFO  testCases.TC001_AccountregistrationTest - Clicked on Registration Link
04:12:16.721 [TestNG-tests-1] INFO  testCases.TC001_AccountregistrationTest - Providing cutomer details...
04:12:18.979 [TestNG-tests-2] INFO  testCases.TC001_AccountregistrationTest - Clicked on Registration Link
04:12:18.982 [TestNG-tests-2] INFO  testCases.TC001_AccountregistrationTest - Providing cutomer details...
04:12:21.439 [TestNG-tests-1] INFO  testCases.TC001_AccountregistrationTest - ****Finished TC001_AccountregistrationTest *****
04:12:24.394 [TestNG-tests-2] INFO  testCases.TC001_AccountregistrationTest - ****Finished TC001_AccountregistrationTest *****
04:12:29.939 [TestNG-tests-3] INFO  testCases.TC001_AccountregistrationTest - ****Starting TC001_AccountregistrationTest *****
04:12:30.310 [TestNG-tests-3] INFO  testCases.TC001_AccountregistrationTest - Clicked on MyAccout Link
04:12:31.141 [TestNG-tests-3] INFO  testCases.TC001_AccountregistrationTest - Clicked on Registration Link
04:12:31.142 [TestNG-tests-3] INFO  testCases.TC001_AccountregistrationTest - Providing cutomer details...
04:12:31.974 [TestNG-tests-3] INFO  testCases.TC001_AccountregistrationTest - ****Finished TC001_AccountregistrationTest *****
02:18:44.389 [main] DEBUG org.testng.TestNG - suiteXmlPath: "D:\eclipse-workspace\OpencartV121\master.xml"
02:18:44.461 [main] WARN  org.testng.xml.TestNGContentHandler - It is strongly recommended to add "<!DOCTYPE suite SYSTEM "https://testng.org/testng-1.1.dtd" >" at the top of the suite file [D:\eclipse-workspace\OpencartV121\master.xml] otherwise TestNG may fail or not work as expected.
02:18:45.532 [main] INFO  org.testng.internal.Utils - [TestNG] Running:
  D:\eclipse-workspace\OpencartV121\master.xml

02:18:54.783 [TestNG-tests-1] INFO  testCases.TC001_AccountregistrationTest - ****Starting TC001_AccountregistrationTest *****
02:18:55.306 [TestNG-tests-1] INFO  testCases.TC001_AccountregistrationTest - Clicked on MyAccout Link
02:18:57.251 [TestNG-tests-1] INFO  testCases.TC001_AccountregistrationTest - Clicked on Registration Link
02:18:57.253 [TestNG-tests-1] INFO  testCases.TC001_AccountregistrationTest - Providing cutomer details...
02:18:59.129 [TestNG-tests-1] INFO  testCases.TC001_AccountregistrationTest - ****Finished TC001_AccountregistrationTest *****
02:19:10.022 [TestNG-tests-2] INFO  testCases.TC001_AccountregistrationTest - ****Starting TC001_AccountregistrationTest *****
02:19:10.332 [TestNG-tests-2] INFO  testCases.TC001_AccountregistrationTest - Clicked on MyAccout Link
02:19:10.972 [TestNG-tests-2] INFO  testCases.TC001_AccountregistrationTest - Clicked on Registration Link
02:19:10.974 [TestNG-tests-2] INFO  testCases.TC001_AccountregistrationTest - Providing cutomer details...
02:19:12.626 [TestNG-tests-2] ERROR testCases.TC001_AccountregistrationTest - Test Failed..
02:19:12.626 [TestNG-tests-2] DEBUG testCases.TC001_AccountregistrationTest - Debug logs...
02:19:13.442 [TestNG-tests-3] INFO  testCases.TC001_AccountregistrationTest - ****Starting TC001_AccountregistrationTest *****
02:19:13.757 [TestNG-tests-3] INFO  testCases.TC001_AccountregistrationTest - Clicked on MyAccout Link
02:19:14.438 [TestNG-tests-3] INFO  testCases.TC001_AccountregistrationTest - Clicked on Registration Link
02:19:14.439 [TestNG-tests-3] INFO  testCases.TC001_AccountregistrationTest - Providing cutomer details...
02:19:15.544 [TestNG-tests-3] INFO  testCases.TC001_AccountregistrationTest - ****Finished TC001_AccountregistrationTest *****
02:19:54.014 [main] DEBUG org.testng.TestNG - suiteXmlPath: "D:\eclipse-workspace\OpencartV121\crossbrowsertesting.xml"
02:19:54.058 [main] WARN  org.testng.xml.TestNGContentHandler - It is strongly recommended to add "<!DOCTYPE suite SYSTEM "https://testng.org/testng-1.1.dtd" >" at the top of the suite file [D:\eclipse-workspace\OpencartV121\crossbrowsertesting.xml] otherwise TestNG may fail or not work as expected.
02:19:54.992 [main] INFO  org.testng.internal.Utils - [TestNG] Running:
  D:\eclipse-workspace\OpencartV121\crossbrowsertesting.xml

02:19:59.904 [main] INFO  testCases.TC001_AccountregistrationTest - ****Starting TC001_AccountregistrationTest *****
02:20:00.107 [main] INFO  testCases.TC001_AccountregistrationTest - Clicked on MyAccout Link
02:20:00.841 [main] INFO  testCases.TC001_AccountregistrationTest - Clicked on Registration Link
02:20:00.844 [main] INFO  testCases.TC001_AccountregistrationTest - Providing cutomer details...
02:20:01.866 [main] INFO  testCases.TC001_AccountregistrationTest - ****Finished TC001_AccountregistrationTest *****
02:21:30.874 [main] DEBUG org.testng.TestNG - suiteXmlPath: "D:\eclipse-workspace\OpencartV121\master.xml"
02:21:30.904 [main] WARN  org.testng.xml.TestNGContentHandler - It is strongly recommended to add "<!DOCTYPE suite SYSTEM "https://testng.org/testng-1.1.dtd" >" at the top of the suite file [D:\eclipse-workspace\OpencartV121\master.xml] otherwise TestNG may fail or not work as expected.
02:21:31.811 [main] INFO  org.testng.internal.Utils - [TestNG] Running:
  D:\eclipse-workspace\OpencartV121\master.xml

02:21:35.859 [main] INFO  testCases.TC001_AccountregistrationTest - ****Starting TC001_AccountregistrationTest *****
02:21:36.093 [main] INFO  testCases.TC001_AccountregistrationTest - Clicked on MyAccout Link
02:21:36.676 [main] INFO  testCases.TC001_AccountregistrationTest - Clicked on Registration Link
02:21:36.680 [main] INFO  testCases.TC001_AccountregistrationTest - Providing cutomer details...
02:21:37.689 [main] INFO  testCases.TC001_AccountregistrationTest - ****Finished TC001_AccountregistrationTest *****
01:05:56.975 [main] DEBUG org.testng.TestNG - suiteXmlPath: "D:\eclipse-workspace\OpencartV121\master.xml"
01:05:57.029 [main] WARN  org.testng.xml.TestNGContentHandler - It is strongly recommended to add "<!DOCTYPE suite SYSTEM "https://testng.org/testng-1.1.dtd" >" at the top of the suite file [D:\eclipse-workspace\OpencartV121\master.xml] otherwise TestNG may fail or not work as expected.
01:05:58.151 [main] INFO  org.testng.internal.Utils - [TestNG] Running:
  D:\eclipse-workspace\OpencartV121\master.xml

01:06:05.756 [main] INFO  testCases.TC001_AccountregistrationTest - ****Starting TC001_AccountregistrationTest *****
01:06:06.059 [main] INFO  testCases.TC001_AccountregistrationTest - Clicked on MyAccout Link
01:06:07.268 [main] INFO  testCases.TC001_AccountregistrationTest - Clicked on Registration Link
01:06:07.317 [main] INFO  testCases.TC001_AccountregistrationTest - Providing cutomer details...
01:06:09.196 [main] ERROR testCases.TC001_AccountregistrationTest - Test Failed..
01:06:09.197 [main] DEBUG testCases.TC001_AccountregistrationTest - Debug logs...
01:10:12.924 [main] DEBUG org.testng.TestNG - suiteXmlPath: "D:\eclipse-workspace\OpencartV121\master.xml"
01:10:12.968 [main] WARN  org.testng.xml.TestNGContentHandler - It is strongly recommended to add "<!DOCTYPE suite SYSTEM "https://testng.org/testng-1.1.dtd" >" at the top of the suite file [D:\eclipse-workspace\OpencartV121\master.xml] otherwise TestNG may fail or not work as expected.
01:10:13.907 [main] INFO  org.testng.internal.Utils - [TestNG] Running:
  D:\eclipse-workspace\OpencartV121\master.xml

01:10:18.458 [main] INFO  testCases.TC001_AccountregistrationTest - ****Starting TC001_AccountregistrationTest *****
01:10:18.796 [main] INFO  testCases.TC001_AccountregistrationTest - Clicked on MyAccout Link
01:10:19.544 [main] INFO  testCases.TC001_AccountregistrationTest - Clicked on Registration Link
01:10:19.552 [main] INFO  testCases.TC001_AccountregistrationTest - Providing cutomer details...
01:10:20.683 [main] INFO  testCases.TC001_AccountregistrationTest - ****Finished TC001_AccountregistrationTest *****
01:11:52.901 [main] DEBUG org.testng.TestNG - suiteXmlPath: "D:\eclipse-workspace\OpencartV121\master.xml"
01:11:52.948 [main] WARN  org.testng.xml.TestNGContentHandler - It is strongly recommended to add "<!DOCTYPE suite SYSTEM "https://testng.org/testng-1.1.dtd" >" at the top of the suite file [D:\eclipse-workspace\OpencartV121\master.xml] otherwise TestNG may fail or not work as expected.
01:11:53.956 [main] INFO  org.testng.internal.Utils - [TestNG] Running:
  D:\eclipse-workspace\OpencartV121\master.xml

01:11:58.641 [main] INFO  testCases.TC001_AccountregistrationTest - ****Starting TC001_AccountregistrationTest *****
01:11:58.834 [main] INFO  testCases.TC001_AccountregistrationTest - Clicked on MyAccout Link
01:11:59.548 [main] INFO  testCases.TC001_AccountregistrationTest - Clicked on Registration Link
01:11:59.550 [main] INFO  testCases.TC001_AccountregistrationTest - Providing cutomer details...
01:12:00.654 [main] INFO  testCases.TC001_AccountregistrationTest - ****Finished TC001_AccountregistrationTest *****
03:04:40.760 [main] DEBUG org.testng.TestNG - suiteXmlPath: "D:\eclipse-workspace\OpencartV121\master.xml"
03:04:40.823 [main] WARN  org.testng.xml.TestNGContentHandler - It is strongly recommended to add "<!DOCTYPE suite SYSTEM "https://testng.org/testng-1.1.dtd" >" at the top of the suite file [D:\eclipse-workspace\OpencartV121\master.xml] otherwise TestNG may fail or not work as expected.
03:04:41.839 [main] INFO  org.testng.internal.Utils - [TestNG] Running:
  D:\eclipse-workspace\OpencartV121\master.xml

03:04:49.529 [main] INFO  testCases.TC002_LoginTest - *****TC002 Starting********
03:04:51.652 [main] INFO  testCases.TC002_LoginTest - *****TC002 LoginTest Finished********
03:53:38.405 [main] DEBUG org.testng.TestNG - suiteXmlPath: "C:\Users\dell\AppData\Local\Temp\testng-eclipse-394080066\testng-customsuite.xml"
03:53:39.776 [main] INFO  org.testng.internal.Utils - [Utils] MethodGroupsHelper.collectMethodsByGroup() took 8 ms.
03:53:39.780 [main] INFO  org.testng.internal.Utils - [Utils] MethodGroupsHelper.sortMethods() took 1 ms.
03:53:39.782 [main] INFO  org.testng.internal.Utils - [Utils] MethodGroupsHelper.collectMethodsByGroup() took 0 ms.
03:53:39.783 [main] INFO  org.testng.internal.Utils - [Utils] MethodGroupsHelper.sortMethods() took 0 ms.
03:53:39.784 [main] INFO  org.testng.internal.Utils - [Utils] MethodGroupsHelper.collectMethodsByGroup() took 0 ms.
03:53:39.784 [main] INFO  org.testng.internal.Utils - [Utils] MethodGroupsHelper.sortMethods() took 0 ms.
03:53:39.785 [main] INFO  org.testng.internal.Utils - [Utils] MethodGroupsHelper.collectMethodsByGroup() took 0 ms.
03:53:39.785 [main] INFO  org.testng.internal.Utils - [Utils] MethodGroupsHelper.sortMethods() took 0 ms.
03:53:39.791 [main] INFO  org.testng.internal.Utils - [Utils] MethodGroupsHelper.collectMethodsByGroup() took 4 ms.
03:53:39.817 [main] INFO  org.testng.internal.Utils - [Utils] MethodGroupsHelper.sortMethods() took 24 ms.
03:53:39.820 [main] INFO  org.testng.internal.Utils - [Utils] MethodGroupsHelper.collectMethodsByGroup() took 0 ms.
03:53:39.820 [main] INFO  org.testng.internal.Utils - [Utils] MethodGroupsHelper.sortMethods() took 0 ms.
03:53:39.821 [main] INFO  org.testng.internal.Utils - [Utils] MethodGroupsHelper.collectMethodsByGroup() took 0 ms.
03:53:39.821 [main] INFO  org.testng.internal.Utils - [Utils] MethodGroupsHelper.sortMethods() took 0 ms.
03:53:39.822 [main] INFO  org.testng.internal.Utils - [Utils] MethodGroupsHelper.collectMethodsByGroup() took 0 ms.
03:53:39.822 [main] INFO  org.testng.internal.Utils - [Utils] MethodGroupsHelper.sortMethods() took 0 ms.
03:53:39.827 [main] INFO  org.testng.internal.Utils - [Utils] MethodGroupsHelper.collectMethodsByGroup() took 0 ms.
03:53:39.827 [main] INFO  org.testng.internal.Utils - [Utils] MethodGroupsHelper.sortMethods() took 0 ms.
03:53:39.827 [main] INFO  org.testng.internal.Utils - [Utils] MethodGroupsHelper.collectMethodsByGroup() took 0 ms.
03:53:39.828 [main] INFO  org.testng.internal.Utils - [Utils] MethodGroupsHelper.sortMethods() took 0 ms.
03:53:39.834 [main] INFO  org.testng.internal.Utils - [Utils] MethodGroupsHelper.collectMethodsByGroup() took 0 ms.
03:53:39.834 [main] INFO  org.testng.internal.Utils - [Utils] MethodGroupsHelper.sortMethods() took 0 ms.
03:53:39.835 [main] INFO  org.testng.internal.Utils - [Utils] MethodGroupsHelper.collectMethodsByGroup() took 0 ms.
03:53:39.835 [main] INFO  org.testng.internal.Utils - [Utils] MethodGroupsHelper.sortMethods() took 0 ms.
03:53:39.836 [main] INFO  org.testng.internal.Utils - [Utils] MethodGroupsHelper.collectMethodsByGroup() took 0 ms.
03:53:39.837 [main] INFO  org.testng.internal.Utils - [Utils] MethodGroupsHelper.sortMethods() took 0 ms.
03:53:39.838 [main] INFO  org.testng.internal.Utils - [Utils] MethodGroupsHelper.collectMethodsByGroup() took 0 ms.
03:53:39.838 [main] INFO  org.testng.internal.Utils - [Utils] MethodGroupsHelper.sortMethods() took 0 ms.
03:53:39.839 [main] INFO  org.testng.internal.Utils - [Utils] MethodGroupsHelper.collectMethodsByGroup() took 0 ms.
03:53:39.839 [main] INFO  org.testng.internal.Utils - [Utils] MethodGroupsHelper.sortMethods() took 0 ms.
03:53:39.878 [main] INFO  org.testng.internal.Utils - [TestNG] Running:
  C:\Users\dell\AppData\Local\Temp\testng-eclipse-394080066\testng-customsuite.xml

03:53:39.921 [main] INFO  org.testng.internal.Utils - [Utils] DynamicGraphHelper.createDynamicGraph() took 10 ms.
03:53:40.054 [main] ERROR org.testng.internal.Utils - [Error] java.io.FileNotFoundException: .\testData\Opencart_LoginData.xlxs (The system cannot find the file specified)
	at java.base/java.io.FileInputStream.open0(Native Method)
	at java.base/java.io.FileInputStream.open(FileInputStream.java:219)
	at java.base/java.io.FileInputStream.&lt;init&gt;(FileInputStream.java:157)
	at java.base/java.io.FileInputStream.&lt;init&gt;(FileInputStream.java:112)
	at utilities.ExcelUtility.getRowCount(ExcelUtility.java:37)
	at utilities.DataProviders.getData(DataProviders.java:18)
	at java.base/jdk.internal.reflect.NativeMethodAccessorImpl.invoke0(Native Method)
	at java.base/jdk.internal.reflect.NativeMethodAccessorImpl.invoke(NativeMethodAccessorImpl.java:62)
	at java.base/jdk.internal.reflect.DelegatingMethodAccessorImpl.invoke(DelegatingMethodAccessorImpl.java:43)
	at java.base/java.lang.reflect.Method.invoke(Method.java:566)
	at org.testng.internal.invokers.MethodInvocationHelper.invokeMethod(MethodInvocationHelper.java:141)
	at org.testng.internal.invokers.MethodInvocationHelper.invokeMethod(MethodInvocationHelper.java:86)
	at org.testng.internal.invokers.MethodInvocationHelper.invokeMethodNoCheckedException(MethodInvocationHelper.java:54)
	at org.testng.internal.invokers.MethodInvocationHelper.invokeDataProvider(MethodInvocationHelper.java:159)
	at org.testng.internal.Parameters.handleParameters(Parameters.java:809)
	at org.testng.internal.Parameters.handleParameters(Parameters.java:734)
	at org.testng.internal.invokers.ParameterHandler.handleParameters(ParameterHandler.java:72)
	at org.testng.internal.invokers.ParameterHandler.createParameters(ParameterHandler.java:51)
	at org.testng.internal.invokers.TestInvoker$MethodInvocationAgent.invoke(TestInvoker.java:946)
	at org.testng.internal.invokers.TestInvoker.invokeTestMethods(TestInvoker.java:203)
	at org.testng.internal.invokers.TestMethodWorker.invokeTestMethods(TestMethodWorker.java:154)
	at org.testng.internal.invokers.TestMethodWorker.run(TestMethodWorker.java:134)
	at java.base/java.util.ArrayList.forEach(ArrayList.java:1541)
	at org.testng.TestRunner.privateRun(TestRunner.java:739)
	at org.testng.TestRunner.run(TestRunner.java:614)
	at org.testng.SuiteRunner.runTest(SuiteRunner.java:421)
	at org.testng.SuiteRunner.runSequentially(SuiteRunner.java:413)
	at org.testng.SuiteRunner.privateRun(SuiteRunner.java:373)
	at org.testng.SuiteRunner.run(SuiteRunner.java:312)
	at org.testng.SuiteRunnerWorker.runSuite(SuiteRunnerWorker.java:52)
	at org.testng.SuiteRunnerWorker.run(SuiteRunnerWorker.java:95)
	at org.testng.TestNG.runSuitesSequentially(TestNG.java:1274)
	at org.testng.TestNG.runSuitesLocally(TestNG.java:1208)
	at org.testng.TestNG.runSuites(TestNG.java:1112)
	at org.testng.TestNG.run(TestNG.java:1079)
	at org.testng.remote.AbstractRemoteTestNG.run(AbstractRemoteTestNG.java:115)
	at org.testng.remote.RemoteTestNG.initAndRun(RemoteTestNG.java:293)
	at org.testng.remote.RemoteTestNG.main(RemoteTestNG.java:91)

03:53:40.434 [main] INFO  org.testng.internal.Utils - [TestNG] Time taken by org.testng.reporters.jq.Main@674c583e: 140 ms
03:53:40.460 [main] INFO  org.testng.internal.Utils - [TestNG] Time taken by org.testng.reporters.FailedReporter@ce5a68e: 26 ms
03:53:40.489 [main] INFO  org.testng.internal.Utils - [TestNG] Time taken by org.testng.reporters.XMLReporter@4a3e3e8b: 29 ms
03:53:40.526 [main] INFO  org.testng.internal.Utils - [TestNG] Time taken by org.testng.reporters.EmailableReporter2@290b1b2e: 37 ms
03:53:40.545 [main] INFO  org.testng.internal.Utils - [TestNG] Time taken by org.testng.reporters.JUnitReportReporter@18e7143f: 17 ms
03:53:40.545 [main] INFO  org.testng.internal.Utils - [TestNG] Time taken by org.testng.internal.ExitCodeListener@f9b7332: 0 ms
03:58:42.392 [main] DEBUG org.testng.TestNG - suiteXmlPath: "C:\Users\dell\AppData\Local\Temp\testng-eclipse-521658002\testng-customsuite.xml"
03:58:43.285 [main] INFO  org.testng.internal.Utils - [Utils] MethodGroupsHelper.collectMethodsByGroup() took 1 ms.
03:58:43.287 [main] INFO  org.testng.internal.Utils - [Utils] MethodGroupsHelper.sortMethods() took 1 ms.
03:58:43.289 [main] INFO  org.testng.internal.Utils - [Utils] MethodGroupsHelper.collectMethodsByGroup() took 0 ms.
03:58:43.289 [main] INFO  org.testng.internal.Utils - [Utils] MethodGroupsHelper.sortMethods() took 0 ms.
03:58:43.290 [main] INFO  org.testng.internal.Utils - [Utils] MethodGroupsHelper.collectMethodsByGroup() took 0 ms.
03:58:43.290 [main] INFO  org.testng.internal.Utils - [Utils] MethodGroupsHelper.sortMethods() took 0 ms.
03:58:43.291 [main] INFO  org.testng.internal.Utils - [Utils] MethodGroupsHelper.collectMethodsByGroup() took 0 ms.
03:58:43.291 [main] INFO  org.testng.internal.Utils - [Utils] MethodGroupsHelper.sortMethods() took 0 ms.
03:58:43.297 [main] INFO  org.testng.internal.Utils - [Utils] MethodGroupsHelper.collectMethodsByGroup() took 3 ms.
03:58:43.311 [main] INFO  org.testng.internal.Utils - [Utils] MethodGroupsHelper.sortMethods() took 13 ms.
03:58:43.313 [main] INFO  org.testng.internal.Utils - [Utils] MethodGroupsHelper.collectMethodsByGroup() took 0 ms.
03:58:43.313 [main] INFO  org.testng.internal.Utils - [Utils] MethodGroupsHelper.sortMethods() took 0 ms.
03:58:43.314 [main] INFO  org.testng.internal.Utils - [Utils] MethodGroupsHelper.collectMethodsByGroup() took 0 ms.
03:58:43.315 [main] INFO  org.testng.internal.Utils - [Utils] MethodGroupsHelper.sortMethods() took 0 ms.
03:58:43.316 [main] INFO  org.testng.internal.Utils - [Utils] MethodGroupsHelper.collectMethodsByGroup() took 0 ms.
03:58:43.318 [main] INFO  org.testng.internal.Utils - [Utils] MethodGroupsHelper.sortMethods() took 0 ms.
03:58:43.319 [main] INFO  org.testng.internal.Utils - [Utils] MethodGroupsHelper.collectMethodsByGroup() took 0 ms.
03:58:43.320 [main] INFO  org.testng.internal.Utils - [Utils] MethodGroupsHelper.sortMethods() took 0 ms.
03:58:43.320 [main] INFO  org.testng.internal.Utils - [Utils] MethodGroupsHelper.collectMethodsByGroup() took 0 ms.
03:58:43.320 [main] INFO  org.testng.internal.Utils - [Utils] MethodGroupsHelper.sortMethods() took 0 ms.
03:58:43.323 [main] INFO  org.testng.internal.Utils - [Utils] MethodGroupsHelper.collectMethodsByGroup() took 0 ms.
03:58:43.323 [main] INFO  org.testng.internal.Utils - [Utils] MethodGroupsHelper.sortMethods() took 0 ms.
03:58:43.323 [main] INFO  org.testng.internal.Utils - [Utils] MethodGroupsHelper.collectMethodsByGroup() took 0 ms.
03:58:43.323 [main] INFO  org.testng.internal.Utils - [Utils] MethodGroupsHelper.sortMethods() took 0 ms.
03:58:43.324 [main] INFO  org.testng.internal.Utils - [Utils] MethodGroupsHelper.collectMethodsByGroup() took 0 ms.
03:58:43.325 [main] INFO  org.testng.internal.Utils - [Utils] MethodGroupsHelper.sortMethods() took 0 ms.
03:58:43.326 [main] INFO  org.testng.internal.Utils - [Utils] MethodGroupsHelper.collectMethodsByGroup() took 0 ms.
03:58:43.327 [main] INFO  org.testng.internal.Utils - [Utils] MethodGroupsHelper.sortMethods() took 0 ms.
03:58:43.327 [main] INFO  org.testng.internal.Utils - [Utils] MethodGroupsHelper.collectMethodsByGroup() took 0 ms.
03:58:43.327 [main] INFO  org.testng.internal.Utils - [Utils] MethodGroupsHelper.sortMethods() took 0 ms.
03:58:43.356 [main] INFO  org.testng.internal.Utils - [TestNG] Running:
  C:\Users\dell\AppData\Local\Temp\testng-eclipse-521658002\testng-customsuite.xml

03:58:43.385 [main] INFO  org.testng.internal.Utils - [Utils] DynamicGraphHelper.createDynamicGraph() took 7 ms.
03:58:43.450 [main] ERROR org.testng.internal.Utils - [Error] java.io.FileNotFoundException: .\testData\Opencart_LoginData.xlxs (The system cannot find the file specified)
	at java.base/java.io.FileInputStream.open0(Native Method)
	at java.base/java.io.FileInputStream.open(FileInputStream.java:219)
	at java.base/java.io.FileInputStream.&lt;init&gt;(FileInputStream.java:157)
	at java.base/java.io.FileInputStream.&lt;init&gt;(FileInputStream.java:112)
	at utilities.ExcelUtility.getRowCount(ExcelUtility.java:37)
	at utilities.DataProviders.getData(DataProviders.java:18)
	at java.base/jdk.internal.reflect.NativeMethodAccessorImpl.invoke0(Native Method)
	at java.base/jdk.internal.reflect.NativeMethodAccessorImpl.invoke(NativeMethodAccessorImpl.java:62)
	at java.base/jdk.internal.reflect.DelegatingMethodAccessorImpl.invoke(DelegatingMethodAccessorImpl.java:43)
	at java.base/java.lang.reflect.Method.invoke(Method.java:566)
	at org.testng.internal.invokers.MethodInvocationHelper.invokeMethod(MethodInvocationHelper.java:141)
	at org.testng.internal.invokers.MethodInvocationHelper.invokeMethod(MethodInvocationHelper.java:86)
	at org.testng.internal.invokers.MethodInvocationHelper.invokeMethodNoCheckedException(MethodInvocationHelper.java:54)
	at org.testng.internal.invokers.MethodInvocationHelper.invokeDataProvider(MethodInvocationHelper.java:159)
	at org.testng.internal.Parameters.handleParameters(Parameters.java:809)
	at org.testng.internal.Parameters.handleParameters(Parameters.java:734)
	at org.testng.internal.invokers.ParameterHandler.handleParameters(ParameterHandler.java:72)
	at org.testng.internal.invokers.ParameterHandler.createParameters(ParameterHandler.java:51)
	at org.testng.internal.invokers.TestInvoker$MethodInvocationAgent.invoke(TestInvoker.java:946)
	at org.testng.internal.invokers.TestInvoker.invokeTestMethods(TestInvoker.java:203)
	at org.testng.internal.invokers.TestMethodWorker.invokeTestMethods(TestMethodWorker.java:154)
	at org.testng.internal.invokers.TestMethodWorker.run(TestMethodWorker.java:134)
	at java.base/java.util.ArrayList.forEach(ArrayList.java:1541)
	at org.testng.TestRunner.privateRun(TestRunner.java:739)
	at org.testng.TestRunner.run(TestRunner.java:614)
	at org.testng.SuiteRunner.runTest(SuiteRunner.java:421)
	at org.testng.SuiteRunner.runSequentially(SuiteRunner.java:413)
	at org.testng.SuiteRunner.privateRun(SuiteRunner.java:373)
	at org.testng.SuiteRunner.run(SuiteRunner.java:312)
	at org.testng.SuiteRunnerWorker.runSuite(SuiteRunnerWorker.java:52)
	at org.testng.SuiteRunnerWorker.run(SuiteRunnerWorker.java:95)
	at org.testng.TestNG.runSuitesSequentially(TestNG.java:1274)
	at org.testng.TestNG.runSuitesLocally(TestNG.java:1208)
	at org.testng.TestNG.runSuites(TestNG.java:1112)
	at org.testng.TestNG.run(TestNG.java:1079)
	at org.testng.remote.AbstractRemoteTestNG.run(AbstractRemoteTestNG.java:115)
	at org.testng.remote.RemoteTestNG.initAndRun(RemoteTestNG.java:293)
	at org.testng.remote.RemoteTestNG.main(RemoteTestNG.java:91)

